//
//	Package - transpiled by c4go
//
//	If you have found any issues, please raise an issue at:
//	https://github.com/Konstantin8105/c4go/
//

package code_quality

import "github.com/Konstantin8105/c4go/noarch"

// if_1 - transpiled function from  C4GO/tests/code_quality/if.c:1
func if_1() {
	var a int32 = 5
	var b int32 = 2
	var c int32 = 4
	if a > b {
		return
	} else if c <= a {
		a = 0
	}
	_ = a
	_ = b
	_ = c
	var w int32 = func() int32 {
		if 2 > 1 {
			return -1
		}
		return 5
	}()
	var r int32
	r = func() int32 {
		if 2 > 1 {
			return -1
		}
		return 5
	}()
	r = func() int32 {
		if 2 > 1 {
			return -1
		}
		return 5
	}()
	r = func() int32 {
		if w > 1 {
			return -1
		}
		return 5
	}()
	r = func() int32 {
		if w > 1 {
			return -1
		}
		return 5
	}()
	r = func() int32 {
		if noarch.BoolToInt(w > 1)+noarch.BoolToInt(r == 4) != 0 {
			return -1
		}
		return 5
	}()
	if w > 0 {
		r = 3
	}
}
