//
//	Package - transpiled by c4go
//
//	If you have found any issues, please raise an issue at:
//	https://github.com/Konstantin8105/c4go/
//

package code_quality

// f - transpiled function from  C4GO/tests/code_quality/operators.c:1
func f(d uint32) {
	_ = d
}

// operators_equals - transpiled function from  C4GO/tests/code_quality/operators.c:8
func operators_equals() {
	var a int32
	var b int32
	var c int32
	var d int32
	d = 42
	c = d
	b = c
	a = b
	var q1 int32 = 42
	var q2 uint32 = 42
	var q3 int32 = 42
	var q4 int64 = 42
	var q5 int16 = 42
	var w1 int32 = int32(int64(42))
	var w2 uint32 = uint32(int64(42))
	var w3 int32 = int32(int64(42))
	var w4 int64 = int64(42)
	var w5 int16 = int16(int64(42))
	var s1 int32
	var s2 uint32
	var s3 int32
	var s4 int64
	var s5 int16
	var d1 float64
	var d2 float32
	var v1 float64
	var v2 float32
	var x1 int32
	var x2 uint32
	var x3 int32
	var x4 int64
	var x5 int16
	var z1 float64
	var z2 float32
	var t1 float64
	var t2 float32
	var r1 []int32
	var r2 [][]int32
	var r3 [][][]int32
	var r4 [][][][]int32
	var r5 [][][][][]int32
	var r6 [][][][][][]int32
	// zero value
	// function
	f(42)
	var arr []float32 = make([]float32, 500)
	var ss []byte = []byte("words\x00")
	var cc int32 = int32(uint8((func() []byte {
		defer func() {
			func() []byte {
				tempVarUnary := ss
				defer func() {
					ss = ss[0+1:]
				}()
				return tempVarUnary
			}()
		}()
		return ss
	}())[0]))
}

// array
// simplificator
